// Jest Snapshot v1, https://goo.gl/fbAQLP

exports[`Renders correctly 1`] = `
<styled.header>
  <styled.img
    alt="logo"
    src="logo.svg"
  />
  <h1>
    React Context Forms
  </h1>
</styled.header>
`;
