// Jest Snapshot v1, https://goo.gl/fbAQLP

exports[`Renders correctly 1`] = `
<input
  class="sc-bdVaJa bghzgq"
  type="submit"
>
  
</input>
`;
